2026-08-04 10:19:13.016 [async-task-executor--2] INFO  org.whmmm.util.Main - before async task execution...
2026-08-04 10:19:13.016 [async-task-executor--1] INFO  org.whmmm.util.Main - before async task execution...
2026-08-04 10:19:13.021 [async-task-executor--1] INFO  org.whmmm.util.Main - after async task execution...
2026-08-04 10:19:13.021 [async-task-executor--1] INFO  org.whmmm.util.Main - return value is 1
2026-08-04 10:19:13.021 [main] ERROR org.whmmm.util.asynctask.AsyncTask - java.lang.ArithmeticException: / by zero
java.util.concurrent.ExecutionException: java.lang.ArithmeticException: / by zero
	at java.base/java.util.concurrent.FutureTask.report(FutureTask.java:124)
	at java.base/java.util.concurrent.FutureTask.get(FutureTask.java:193)
	at org.whmmm.util.asynctask.AsyncTask.get(AsyncTask.java:70)
	at org.whmmm.util.Main.main(Main.java:75)
Caused by: java.lang.ArithmeticException: / by zero
	at org.whmmm.util.Main.lambda$main$1(Main.java:74)
	at org.whmmm.util.asynctask.AsyncTaskExecutor.lambda$submit$0(AsyncTaskExecutor.java:62)
	at java.base/java.util.concurrent.FutureTask.run$$$capture(FutureTask.java:330)
	at java.base/java.util.concurrent.FutureTask.run(FutureTask.java)
	at java.base/java.util.concurrent.ThreadPoolExecutor.runWorker(ThreadPoolExecutor.java:1090)
	at java.base/java.util.concurrent.ThreadPoolExecutor$Worker.run(ThreadPoolExecutor.java:614)
	at java.base/java.lang.Thread.run(Thread.java:1516)
2026-08-04 10:23:03.962 - [async-task-executor--1] INFO  org.whmmm.util.Main - before async task execution...
2026-08-04 10:23:03.962 - [async-task-executor--2] INFO  org.whmmm.util.Main - before async task execution...
2026-08-04 10:23:03.965 - [async-task-executor--1] INFO  org.whmmm.util.Main - after async task execution...
2026-08-04 10:23:03.965 - [async-task-executor--1] INFO  org.whmmm.util.Main - return value is 1
2026-08-04 10:23:03.965 - [main] ERROR org.whmmm.util.asynctask.AsyncTask - java.lang.ArithmeticException: / by zero
java.util.concurrent.ExecutionException: java.lang.ArithmeticException: / by zero
	at java.base/java.util.concurrent.FutureTask.report(FutureTask.java:124)
	at java.base/java.util.concurrent.FutureTask.get(FutureTask.java:193)
	at org.whmmm.util.asynctask.AsyncTask.get(AsyncTask.java:70)
	at org.whmmm.util.Main.main(Main.java:75)
Caused by: java.lang.ArithmeticException: / by zero
	at org.whmmm.util.Main.lambda$main$1(Main.java:74)
	at org.whmmm.util.asynctask.AsyncTaskExecutor.lambda$submit$0(AsyncTaskExecutor.java:62)
	at java.base/java.util.concurrent.FutureTask.run$$$capture(FutureTask.java:330)
	at java.base/java.util.concurrent.FutureTask.run(FutureTask.java)
	at java.base/java.util.concurrent.ThreadPoolExecutor.runWorker(ThreadPoolExecutor.java:1090)
	at java.base/java.util.concurrent.ThreadPoolExecutor$Worker.run(ThreadPoolExecutor.java:614)
	at java.base/java.lang.Thread.run(Thread.java:1516)
2026-08-04 10:24:24.242 - [async-task-executor--1] INFO  org.whmmm.util.Main - before async task execution...
2026-08-04 10:24:24.242 - [async-task-executor--2] INFO  org.whmmm.util.Main - before async task execution...
2026-08-04 10:24:24.246 - [async-task-executor--1] INFO  org.whmmm.util.Main - after async task execution...
2026-08-04 10:24:24.247 - [async-task-executor--1] INFO  org.whmmm.util.Main - return value is 1
2026-08-04 10:24:24.248 - [main] ERROR org.whmmm.util.asynctask.AsyncTask - java.lang.ArithmeticException: / by zero
java.util.concurrent.ExecutionException: java.lang.ArithmeticException: / by zero
	at java.base/java.util.concurrent.FutureTask.report(FutureTask.java:124)
	at java.base/java.util.concurrent.FutureTask.get(FutureTask.java:193)
	at org.whmmm.util.asynctask.AsyncTask.get(AsyncTask.java:70)
	at org.whmmm.util.Main.main(Main.java:75)
Caused by: java.lang.ArithmeticException: / by zero
	at org.whmmm.util.Main.lambda$main$1(Main.java:74)
	at org.whmmm.util.asynctask.AsyncTaskExecutor.lambda$submit$0(AsyncTaskExecutor.java:62)
	at java.base/java.util.concurrent.FutureTask.run$$$capture(FutureTask.java:330)
	at java.base/java.util.concurrent.FutureTask.run(FutureTask.java)
	at java.base/java.util.concurrent.ThreadPoolExecutor.runWorker(ThreadPoolExecutor.java:1090)
	at java.base/java.util.concurrent.ThreadPoolExecutor$Worker.run(ThreadPoolExecutor.java:614)
	at java.base/java.lang.Thread.run(Thread.java:1516)
2026-08-04 10:26:48.899 - [async-task-executor--2] INFO  org.whmmm.util.MainTest - before async task execution...
2026-08-04 10:26:48.899 - [async-task-executor--1] INFO  org.whmmm.util.MainTest - before async task execution...
2026-08-04 10:26:48.905 - [async-task-executor--1] INFO  org.whmmm.util.MainTest - after async task execution...
2026-08-04 10:26:48.905 - [async-task-executor--1] INFO  org.whmmm.util.MainTest - return value is 1
2026-08-04 10:26:48.905 - [main] ERROR org.whmmm.util.asynctask.AsyncTask - java.lang.ArithmeticException: / by zero
java.util.concurrent.ExecutionException: java.lang.ArithmeticException: / by zero
	at java.base/java.util.concurrent.FutureTask.report(FutureTask.java:124)
	at java.base/java.util.concurrent.FutureTask.get(FutureTask.java:193)
	at org.whmmm.util.asynctask.AsyncTask.get(AsyncTask.java:70)
	at org.whmmm.util.MainTest.test(MainTest.java:74)
	at java.base/jdk.internal.reflect.DirectMethodHandleAccessor.invoke(DirectMethodHandleAccessor.java:104)
	at java.base/java.lang.reflect.Method.invoke(Method.java:565)
	at org.junit.runners.model.FrameworkMethod$1.runReflectiveCall(FrameworkMethod.java:59)
	at org.junit.internal.runners.model.ReflectiveCallable.run(ReflectiveCallable.java:12)
	at org.junit.runners.model.FrameworkMethod.invokeExplosively(FrameworkMethod.java:56)
	at org.junit.internal.runners.statements.InvokeMethod.evaluate(InvokeMethod.java:17)
	at org.junit.runners.ParentRunner$3.evaluate(ParentRunner.java:306)
	at org.junit.runners.BlockJUnit4ClassRunner$1.evaluate(BlockJUnit4ClassRunner.java:100)
	at org.junit.runners.ParentRunner.runLeaf(ParentRunner.java:366)
	at org.junit.runners.BlockJUnit4ClassRunner.runChild(BlockJUnit4ClassRunner.java:103)
	at org.junit.runners.BlockJUnit4ClassRunner.runChild(BlockJUnit4ClassRunner.java:63)
	at org.junit.runners.ParentRunner$4.run(ParentRunner.java:331)
	at org.junit.runners.ParentRunner$1.schedule(ParentRunner.java:79)
	at org.junit.runners.ParentRunner.runChildren(ParentRunner.java:329)
	at org.junit.runners.ParentRunner.access$100(ParentRunner.java:66)
	at org.junit.runners.ParentRunner$2.evaluate(ParentRunner.java:293)
	at org.junit.runners.ParentRunner$3.evaluate(ParentRunner.java:306)
	at org.junit.runners.ParentRunner.run(ParentRunner.java:413)
	at org.junit.runner.JUnitCore.run(JUnitCore.java:137)
	at com.intellij.junit4.JUnit4IdeaTestRunner.startRunnerWithArgs(JUnit4IdeaTestRunner.java:69)
	at com.intellij.rt.junit.IdeaTestRunner$Repeater$1.execute(IdeaTestRunner.java:38)
	at com.intellij.rt.execution.junit.TestsRepeater.repeat(TestsRepeater.java:11)
	at com.intellij.rt.junit.IdeaTestRunner$Repeater.startRunnerWithArgs(IdeaTestRunner.java:35)
	at com.intellij.rt.junit.JUnitStarter.prepareStreamsAndStart(JUnitStarter.java:237)
	at com.intellij.rt.junit.JUnitStarter.main(JUnitStarter.java:58)
Caused by: java.lang.ArithmeticException: / by zero
	at org.whmmm.util.MainTest.lambda$test$1(MainTest.java:73)
	at org.whmmm.util.asynctask.AsyncTaskExecutor.lambda$submit$0(AsyncTaskExecutor.java:62)
	at java.base/java.util.concurrent.FutureTask.run$$$capture(FutureTask.java:330)
	at java.base/java.util.concurrent.FutureTask.run(FutureTask.java)
	at java.base/java.util.concurrent.ThreadPoolExecutor.runWorker(ThreadPoolExecutor.java:1090)
	at java.base/java.util.concurrent.ThreadPoolExecutor$Worker.run(ThreadPoolExecutor.java:614)
	at java.base/java.lang.Thread.run(Thread.java:1516)
2026-08-04 10:27:17.066 - [async-task-executor--2] INFO  org.whmmm.util.MainTest - before async task execution...
2026-08-04 10:27:17.066 - [async-task-executor--1] INFO  org.whmmm.util.MainTest - before async task execution...
2026-08-04 10:27:17.069 - [async-task-executor--1] INFO  org.whmmm.util.MainTest - after async task execution...
2026-08-04 10:27:17.069 - [async-task-executor--1] INFO  org.whmmm.util.MainTest - return value is 1
2026-08-04 10:27:17.069 - [async-task-executor--2] ERROR org.whmmm.util.MainTest - / by zero
java.lang.ArithmeticException: / by zero
	at org.whmmm.util.MainTest.lambda$test$1(MainTest.java:73)
	at org.whmmm.util.asynctask.AsyncTaskExecutor.lambda$submit$0(AsyncTaskExecutor.java:62)
	at java.base/java.util.concurrent.FutureTask.run$$$capture(FutureTask.java:330)
	at java.base/java.util.concurrent.FutureTask.run(FutureTask.java)
	at java.base/java.util.concurrent.ThreadPoolExecutor.runWorker(ThreadPoolExecutor.java:1090)
	at java.base/java.util.concurrent.ThreadPoolExecutor$Worker.run(ThreadPoolExecutor.java:614)
	at java.base/java.lang.Thread.run(Thread.java:1516)
2026-08-04 10:27:42.137 - [async-task-executor--2] INFO  org.whmmm.util.MainTest - before async task execution...
2026-08-04 10:27:42.137 - [async-task-executor--1] INFO  org.whmmm.util.MainTest - before async task execution...
2026-08-04 10:27:42.141 - [async-task-executor--1] INFO  org.whmmm.util.MainTest - after async task execution...
2026-08-04 10:27:42.141 - [async-task-executor--1] INFO  org.whmmm.util.MainTest - return value is 1
2026-08-04 10:27:42.141 - [async-task-executor--2] ERROR org.whmmm.util.MainTest - / by zero
java.lang.ArithmeticException: / by zero
	at org.whmmm.util.MainTest.lambda$test$1(MainTest.java:73)
	at org.whmmm.util.asynctask.AsyncTaskExecutor.lambda$submit$0(AsyncTaskExecutor.java:62)
	at java.base/java.util.concurrent.FutureTask.run$$$capture(FutureTask.java:330)
	at java.base/java.util.concurrent.FutureTask.run(FutureTask.java)
	at java.base/java.util.concurrent.ThreadPoolExecutor.runWorker(ThreadPoolExecutor.java:1090)
	at java.base/java.util.concurrent.ThreadPoolExecutor$Worker.run(ThreadPoolExecutor.java:614)
	at java.base/java.lang.Thread.run(Thread.java:1516)
